../Core/Src/main.c:87:6:encode_bit	16	static
../Core/Src/main.c:99:6:encode_byte	32	static
../Core/Src/main.c:119:6:prepare_frame	24	static
../Core/Src/main.c:127:6:send_knx_frame	16	static
../Core/Src/main.c:134:6:start_knx_decode	8	static
../Core/Src/main.c:153:6:check_frame_timeout	16	static
../Core/Src/main.c:202:5:main	8	static
../Core/Src/main.c:263:6:SystemClock_Config	72	static
../Core/Src/main.c:303:13:MX_IWDG_Init	8	static
../Core/Src/main.c:331:13:MX_TIM1_Init	112	static
../Core/Src/main.c:419:13:MX_USART2_UART_Init	8	static
../Core/Src/main.c:450:13:MX_DMA_Init	16	static
../Core/Src/main.c:468:13:MX_GPIO_Init	16	static
../Core/Src/main.c:484:6:HAL_TIM_PeriodElapsedCallback	16	static
../Core/Src/main.c:536:6:HAL_TIM_IC_CaptureCallback	24	static
../Core/Src/main.c:604:6:HAL_TIM_PWM_PulseFinishedCallback	16	static
../Core/Src/main.c:617:6:Error_Handler	4	static,ignoring_inline_asm
